08:33:39 base: default, 3 WSGs (focal LHAF) into score302_default
08:35:18 base LPCE done in 1.6 min
08:37:18 base UPCE done in 2.0 min
08:39:31 base LHAF done in 2.2 min
08:39:43 recompute LHAF: streams_access unchanged
There were 30 warnings (use warnings() to see them)
08:39:43 variant default into score302_default (LHAF)
08:40:35 variant default LHAF done in 0.9 min (habitat c78deaba)
08:40:35 variant bt_rear_mad_p10 into score302_bt_rear_mad_p10 (LHAF)
08:41:22 variant bt_rear_mad_p10 LHAF done in 0.8 min (habitat f16f9494)
08:41:22 variant bt_rear_mad_p05 into score302_bt_rear_mad_p05 (LHAF)
08:42:04 variant bt_rear_mad_p05 LHAF done in 0.7 min (habitat da96a90c)
08:42:04 variant bt_rear_mad_p02 into score302_bt_rear_mad_p02 (LHAF)
08:42:51 variant bt_rear_mad_p02 LHAF done in 0.8 min (habitat 58f921a1)
08:42:51 variant bt_spawn_mad_p10 into score302_bt_spawn_mad_p10 (LHAF)
08:43:35 variant bt_spawn_mad_p10 LHAF done in 0.7 min (habitat 136aaebb)
08:43:35 variant bt_spawn_mad_p05 into score302_bt_spawn_mad_p05 (LHAF)
08:44:21 variant bt_spawn_mad_p05 LHAF done in 0.8 min (habitat da96a90c)
08:44:21 variant bt_spawn_mad_p02 into score302_bt_spawn_mad_p02 (LHAF)
08:45:04 variant bt_spawn_mad_p02 LHAF done in 0.7 min (habitat 850f7eb1)
08:45:04 variant gr_rear_mad_p10 into score302_gr_rear_mad_p10 (LHAF)
08:45:13 variant gr_rear_mad_p10 LHAF done in 0.1 min (habitat 1cc61aed)
08:45:13 variant gr_rear_mad_p05 into score302_gr_rear_mad_p05 (LHAF)
08:45:24 variant gr_rear_mad_p05 LHAF done in 0.2 min (habitat bcc62bbc)
08:45:24 variant gr_rear_mad_p02 into score302_gr_rear_mad_p02 (LHAF)
08:45:43 variant gr_rear_mad_p02 LHAF done in 0.3 min (habitat 6282e584)
08:45:43 variant gr_spawn_mad_p10 into score302_gr_spawn_mad_p10 (LHAF)
08:45:54 variant gr_spawn_mad_p10 LHAF done in 0.2 min (habitat 2c9f99e9)
08:45:54 variant gr_spawn_mad_p05 into score302_gr_spawn_mad_p05 (LHAF)
08:46:05 variant gr_spawn_mad_p05 LHAF done in 0.2 min (habitat bcc62bbc)
08:46:05 variant gr_spawn_mad_p02 into score302_gr_spawn_mad_p02 (LHAF)
08:46:16 variant gr_spawn_mad_p02 LHAF done in 0.2 min (habitat e64c523d)
08:46:16 variant rb_rear_mad_p10 into score302_rb_rear_mad_p10 ()
08:46:16 variant rb_rear_mad_p05 into score302_rb_rear_mad_p05 ()
08:46:17 variant rb_rear_mad_p02 into score302_rb_rear_mad_p02 ()
08:46:17 variant rb_spawn_mad_p10 into score302_rb_spawn_mad_p10 ()
08:46:17 variant rb_spawn_mad_p05 into score302_rb_spawn_mad_p05 ()
08:46:18 variant rb_spawn_mad_p02 into score302_rb_spawn_mad_p02 ()
08:46:18 build all done in 12.7 min
