From https://github.com/NewGraphEnvironment/link
   11e9c22..9c5c7b0  main       -> origin/main
 * [new branch]      138-lnk-pipeline-crossings-build-slim-fresh- -> origin/138-lnk-pipeline-crossings-build-slim-fresh-
 * [new branch]      152-unified-persist-schema-barriers -> origin/152-unified-persist-schema-barriers
 * [new branch]      162-lnk-compare-wsg-annotated-csv -> origin/162-lnk-compare-wsg-annotated-csv
 * [new branch]      221-per-wsg-habitat-access-km-rollup -> origin/221-per-wsg-habitat-access-km-rollup
   ff85787..dcdd25c  gh-pages   -> origin/gh-pages
 * [new tag]         v0.30.0    -> v0.30.0
 * [new tag]         v0.30.1    -> v0.30.1
 * [new tag]         v0.30.2    -> v0.30.2
 * [new tag]         v0.31.0    -> v0.31.0
 * [new tag]         v0.31.1    -> v0.31.1
 * [new tag]         v0.32.0    -> v0.32.0
 * [new tag]         v0.32.1    -> v0.32.1
 * [new tag]         v0.33.0    -> v0.33.0
 * [new tag]         v0.34.0    -> v0.34.0
 * [new tag]         v0.35.0    -> v0.35.0
 * [new tag]         v0.35.1    -> v0.35.1
 * [new tag]         v0.36.0    -> v0.36.0
 * [new tag]         v0.36.1    -> v0.36.1
 * [new tag]         v0.37.0    -> v0.37.0
 * [new tag]         v0.38.0    -> v0.38.0
 * [new tag]         v0.38.1    -> v0.38.1
 * [new tag]         v0.39.0    -> v0.39.0
 * [new tag]         v0.39.1    -> v0.39.1
 * [new tag]         v0.40.0    -> v0.40.0
 * [new tag]         v0.40.1    -> v0.40.1
 * [new tag]         v0.40.2    -> v0.40.2
 * [new tag]         v0.40.3    -> v0.40.3
 * [new tag]         v0.40.4    -> v0.40.4
 * [new tag]         v0.40.5    -> v0.40.5
 * [new tag]         v0.41.0    -> v0.41.0
 * [new tag]         v0.41.1    -> v0.41.1
 * [new tag]         v0.41.2    -> v0.41.2
 * [new tag]         v0.41.3    -> v0.41.3
 * [new tag]         v0.41.4    -> v0.41.4
 * [new tag]         v0.42.0    -> v0.42.0
 * [new tag]         v0.43.0    -> v0.43.0
 * [new tag]         v0.44.0    -> v0.44.0
 * [new tag]         v0.44.1    -> v0.44.1
 * [new tag]         v0.44.2    -> v0.44.2
 * [new tag]         v0.44.3    -> v0.44.3
 * [new tag]         v0.45.0    -> v0.45.0
 * [new tag]         v0.45.1    -> v0.45.1
 * [new tag]         v0.45.2    -> v0.45.2
 * [new tag]         v0.45.3    -> v0.45.3
 * [new tag]         v0.46.0    -> v0.46.0
 * [new tag]         v0.47.0    -> v0.47.0
 * [new tag]         v0.47.1    -> v0.47.1
 * [new tag]         v0.47.2    -> v0.47.2
Your branch is behind 'origin/main' by 193 commits, and can be fast-forwarded.
  (use "git pull" to update your local branch)
HEAD is now at 9c5c7b0 Migrate the bcfp view column-coding reference out of machine-local memory
✔ Built link 0.47.2 (10.2s)
✔ Installed link 0.47.2 (local) (211ms)
✔ 1 pkg + 55 deps: kept 42, upd 3, added 1, dld 4 (NA B) [51.1s]
=== provenance: link_sha=9c5c7b000475 dirty=false fresh_sha=7f12d99115b7
[preflight] fresh 0.33.0 (floor 0.33.0) - OK, all required symbols present
=== link: 0.47.2 fresh: 0.33.0
2026-08-31 22:57:43,724:INFO:bcdata.cli: Load of whse_fish.pscis_remediation_svw to whse_fish.pscis_remediation_svw in postgresql://postgres:postgres@localhost:5432/fwapg complete
DROP TABLE
CREATE TABLE
Stamped data-raw/logs/bcfp_baselines.csv with bcfp build v0.7.15-47-ga702229 (head_sha=a702229)
snapshot_bcfp.sh: complete.

NOTICE:  column "rear_connected_distance_max" of relation "log_dimensions" already exists, skipping

NOTICE:  column "rear_lake_ha_min" of relation "log_dimensions" already exists, skipping

NOTICE:  column "rear_wetland_ha_min" of relation "log_dimensions" already exists, skipping

NOTICE:  column "notes" of relation "log_dimensions" already exists, skipping

=== lnk_persist_init done
=== READY
