[12:17:55] backup local fresh_smoke -> /tmp/fresh_smoke_pre_consolidate_202608311217.dump
[12:17:58] cypher@<host> -> DELETE bucket (1 WSGs) from 15 tables
[12:17:59] cypher@<host> -> COPY (bucket-filtered) for 15 tables
COPY 44
COPY 31515
COPY 1
COPY 11
COPY 38574
COPY 38574
COPY 0
COPY 38574
COPY 38574
COPY 38574
COPY 38574
COPY 0
COPY 38574
COPY 0
COPY 38574
[12:18:18] cypher@<host> -> DELETE bucket from source (post-COPY cleanup)
DELETE 44
DELETE 31515
DELETE 1
DELETE 11
DELETE 38574
DELETE 38574
DELETE 0
DELETE 38574
DELETE 38574
DELETE 38574
DELETE 38574
DELETE 0
DELETE 38574
DELETE 0
DELETE 38574
[12:18:19] verify destination tables in schema 'fresh_smoke'
                    tbl  rows
1     barrier_overrides   528
2              barriers 56527
3                   log     2
4        log_dimensions     8
5             log_input    22
6  log_parameters_fresh    11
7               streams 71544
8        streams_access 71544
9    streams_habitat_bt 32970
10   streams_habitat_ch 71544
11   streams_habitat_cm 71544
12   streams_habitat_co 71544
13   streams_habitat_pk 71544
14   streams_habitat_sk     0
15   streams_habitat_st 71544
16  streams_habitat_wct     0
17 streams_mapping_code 71544
$sources
$sources$`cypher@<host>`
$sources$`cypher@<host>`$ok
[1] TRUE

$sources$`cypher@<host>`$stage
[1] "complete"

$sources$`cypher@<host>`$pre_rows
[1] 322238

$sources$`cypher@<host>`$post_rows
[1] 662401

$sources$`cypher@<host>`$copied
 [1] "barrier_overrides"    "barriers"             "log"                 
 [4] "log_input"            "streams"              "streams_access"      
 [7] "streams_habitat_bt"   "streams_habitat_ch"   "streams_habitat_cm"  
[10] "streams_habitat_co"   "streams_habitat_pk"   "streams_habitat_sk"  
[13] "streams_habitat_st"   "streams_habitat_wct"  "streams_mapping_code"

$sources$`cypher@<host>`$errored
character(0)

$sources$`cypher@<host>`$skipped_source_only
character(0)

$sources$`cypher@<host>`$skipped_dest_only
character(0)



$tables
 [1] "barrier_overrides"    "barriers"             "log"                 
 [4] "log_dimensions"       "log_input"            "log_parameters_fresh"
 [7] "streams"              "streams_access"       "streams_habitat_bt"  
[10] "streams_habitat_ch"   "streams_habitat_cm"   "streams_habitat_co"  
[13] "streams_habitat_pk"   "streams_habitat_sk"   "streams_habitat_st"  
[16] "streams_habitat_wct"  "streams_mapping_code"

