Warning message:
In read.table(file = file, header = header, sep = sep, quote = quote,  :
  incomplete final line found by readTableHeader on '/home/cypher/R/x86_64-pc-linux-gnu-library/4.6/link/extdata/configs/bcfishpass/overrides/cabd_blkey_xref.csv'
NOTICE:  column "run_id" of relation "log" already exists, skipping

NOTICE:  column "watershed_group_code" of relation "log" already exists, skipping

NOTICE:  column "date_start" of relation "log" already exists, skipping

NOTICE:  column "date_end" of relation "log" already exists, skipping

NOTICE:  column "run_label" of relation "log" already exists, skipping

NOTICE:  column "host" of relation "log" already exists, skipping

NOTICE:  column "config_name" of relation "log" already exists, skipping

NOTICE:  column "config_hash" of relation "log" already exists, skipping

NOTICE:  column "config_drift" of relation "log" already exists, skipping

NOTICE:  column "link_version" of relation "log" already exists, skipping

NOTICE:  column "link_sha" of relation "log" already exists, skipping

NOTICE:  column "link_dirty" of relation "log" already exists, skipping

NOTICE:  column "fresh_version" of relation "log" already exists, skipping

NOTICE:  column "fresh_sha" of relation "log" already exists, skipping

NOTICE:  column "fresh_dirty" of relation "log" already exists, skipping

NOTICE:  column "crate_version" of relation "log" already exists, skipping

NOTICE:  column "fwapg_sha" of relation "log" already exists, skipping

NOTICE:  column "arg_dams" of relation "log" already exists, skipping

NOTICE:  column "arg_mapping_code" of relation "log" already exists, skipping

NOTICE:  column "arg_cleanup_working" of relation "log" already exists, skipping

NOTICE:  column "schema_persist" of relation "log" already exists, skipping

NOTICE:  column "species" of relation "log" already exists, skipping

NOTICE:  column "wsg_upstream" of relation "log" already exists, skipping

NOTICE:  column "bcfp_model_run_id" of relation "log" already exists, skipping

NOTICE:  column "bcfp_model_version" of relation "log" already exists, skipping

NOTICE:  column "notes" of relation "log" already exists, skipping

NOTICE:  column "run_id" of relation "log_input" already exists, skipping

NOTICE:  column "watershed_group_code" of relation "log_input" already exists, skipping

NOTICE:  column "table_name" of relation "log_input" already exists, skipping

NOTICE:  column "row_count" of relation "log_input" already exists, skipping

NOTICE:  column "row_count_estimated" of relation "log_input" already exists, skipping

NOTICE:  column "size_bytes" of relation "log_input" already exists, skipping

NOTICE:  column "last_analyze" of relation "log_input" already exists, skipping

NOTICE:  column "source" of relation "log_input" already exists, skipping

NOTICE:  column "source_at" of relation "log_input" already exists, skipping

NOTICE:  column "config_hash" of relation "log_parameters_fresh" already exists, skipping

NOTICE:  column "species_code" of relation "log_parameters_fresh" already exists, skipping

NOTICE:  column "access_gradient_max" of relation "log_parameters_fresh" already exists, skipping

NOTICE:  column "spawn_gradient_min" of relation "log_parameters_fresh" already exists, skipping

NOTICE:  column "rear_gradient_min" of relation "log_parameters_fresh" already exists, skipping

NOTICE:  column "cluster_rearing" of relation "log_parameters_fresh" already exists, skipping

NOTICE:  column "cluster_direction" of relation "log_parameters_fresh" already exists, skipping

NOTICE:  column "cluster_bridge_gradient" of relation "log_parameters_fresh" already exists, skipping

NOTICE:  column "cluster_bridge_distance" of relation "log_parameters_fresh" already exists, skipping

NOTICE:  column "cluster_confluence_m" of relation "log_parameters_fresh" already exists, skipping

NOTICE:  column "cluster_spawning" of relation "log_parameters_fresh" already exists, skipping

NOTICE:  column "cluster_spawn_direction" of relation "log_parameters_fresh" already exists, skipping

NOTICE:  column "cluster_spawn_bridge_gradient" of relation "log_parameters_fresh" already exists, skipping

NOTICE:  column "cluster_spawn_bridge_distance" of relation "log_parameters_fresh" already exists, skipping

NOTICE:  column "cluster_spawn_confluence_m" of relation "log_parameters_fresh" already exists, skipping

NOTICE:  column "observation_threshold" of relation "log_parameters_fresh" already exists, skipping

NOTICE:  column "observation_date_min" of relation "log_parameters_fresh" already exists, skipping

NOTICE:  column "observation_buffer_m" of relation "log_parameters_fresh" already exists, skipping

NOTICE:  column "observation_species" of relation "log_parameters_fresh" already exists, skipping

NOTICE:  column "observation_control_apply" of relation "log_parameters_fresh" already exists, skipping

NOTICE:  column "config_hash" of relation "log_dimensions" already exists, skipping

NOTICE:  column "species" of relation "log_dimensions" already exists, skipping

NOTICE:  column "spawn_lake" of relation "log_dimensions" already exists, skipping

NOTICE:  column "spawn_stream" of relation "log_dimensions" already exists, skipping

NOTICE:  column "spawn_stream_in_waterbody" of relation "log_dimensions" already exists, skipping

NOTICE:  column "rear_lake" of relation "log_dimensions" already exists, skipping

NOTICE:  column "rear_lake_only" of relation "log_dimensions" already exists, skipping

NOTICE:  column "rear_lake_area_only" of relation "log_dimensions" already exists, skipping

NOTICE:  column "rear_no_fw" of relation "log_dimensions" already exists, skipping

NOTICE:  column "rear_stream" of relation "log_dimensions" already exists, skipping

NOTICE:  column "rear_stream_in_waterbody" of relation "log_dimensions" already exists, skipping

NOTICE:  column "rear_wetland" of relation "log_dimensions" already exists, skipping

NOTICE:  column "rear_wetland_polygon" of relation "log_dimensions" already exists, skipping

NOTICE:  column "rear_wetland_area_only" of relation "log_dimensions" already exists, skipping

NOTICE:  column "rear_all_edges" of relation "log_dimensions" already exists, skipping

NOTICE:  column "river_skip_cw_min" of relation "log_dimensions" already exists, skipping

NOTICE:  column "rear_stream_order_bypass" of relation "log_dimensions" already exists, skipping

NOTICE:  column "rear_stream_order_parent_min" of relation "log_dimensions" already exists, skipping

NOTICE:  column "rear_stream_order_child_min" of relation "log_dimensions" already exists, skipping

NOTICE:  column "rear_stream_order_child_max" of relation "log_dimensions" already exists, skipping

NOTICE:  column "rear_stream_order_distance_max" of relation "log_dimensions" already exists, skipping

NOTICE:  column "spawn_requires_connected" of relation "log_dimensions" already exists, skipping

NOTICE:  column "spawn_connected_distance_max" of relation "log_dimensions" already exists, skipping

NOTICE:  column "spawn_connected_direction" of relation "log_dimensions" already exists, skipping

NOTICE:  column "spawn_connected_gradient_max" of relation "log_dimensions" already exists, skipping

NOTICE:  column "spawn_connected_cw_min" of relation "log_dimensions" already exists, skipping

NOTICE:  column "spawn_connected_edge_types" of relation "log_dimensions" already exists, skipping

NOTICE:  column "spawn_connected_lake_adjacent" of relation "log_dimensions" already exists, skipping

NOTICE:  column "rear_requires_connected" of relation "log_dimensions" already exists, skipping

NOTICE:  column "rear_connected_distance_max" of relation "log_dimensions" already exists, skipping

NOTICE:  column "rear_lake_ha_min" of relation "log_dimensions" already exists, skipping

NOTICE:  column "rear_wetland_ha_min" of relation "log_dimensions" already exists, skipping

NOTICE:  column "notes" of relation "log_dimensions" already exists, skipping

NOTICE:  schema "working_tsit" does not exist, skipping

NOTICE:  schema "working_tsit" does not exist, skipping

NOTICE:  schema "working_tsit" does not exist, skipping

NOTICE:  schema "working_tsit" does not exist, skipping

NOTICE:  schema "fresh" already exists, skipping

NOTICE:  table "barriers_definite" does not exist, skipping

NOTICE:  table "barriers_definite_control" does not exist, skipping

NOTICE:  table "observations" does not exist, skipping

NOTICE:  table "streams_blk" does not exist, skipping

NOTICE:  table "gradient_barriers_raw" does not exist, skipping

NOTICE:  table "natural_barriers" does not exist, skipping

NOTICE:  table "barriers_subsurfaceflow" does not exist, skipping

NOTICE:  table "barrier_overrides" does not exist, skipping

NOTICE:  table "barriers_bt" does not exist, skipping

NOTICE:  table "barriers_ch" does not exist, skipping

NOTICE:  table "barriers_cm" does not exist, skipping

NOTICE:  table "barriers_co" does not exist, skipping

NOTICE:  table "barriers_pk" does not exist, skipping

NOTICE:  table "barriers_sk" does not exist, skipping

NOTICE:  table "barriers_st" does not exist, skipping

NOTICE:  table "barriers_wct" does not exist, skipping

NOTICE:  table "gradient_barriers_minimal" does not exist, skipping

NOTICE:  table "streams" does not exist, skipping

NOTICE:  table "streams_habitat" does not exist, skipping

NOTICE:  table "cabd_exclusions" does not exist, skipping

NOTICE:  table "cabd_blkey_xref" does not exist, skipping

NOTICE:  table "cabd_passability_status_updates" does not exist, skipping

NOTICE:  table "cabd_additions" does not exist, skipping

NOTICE:  table "cabd_dams_raw" does not exist, skipping

NOTICE:  table "dams" does not exist, skipping

NOTICE:  table "pscis_modelledcrossings_streams_xref" does not exist, skipping

NOTICE:  table "pscis_stream_candidates" does not exist, skipping

NOTICE:  table "pscis_streams_150m" does not exist, skipping

NOTICE:  table "pscis_picked" does not exist, skipping

NOTICE:  table "pscis" does not exist, skipping

NOTICE:  table "crossings_lookup" does not exist, skipping

NOTICE:  table "barriers_anthropogenic" does not exist, skipping

NOTICE:  table "barriers_pscis" does not exist, skipping

NOTICE:  table "barriers_dams" does not exist, skipping

NOTICE:  table "barriers_remediations" does not exist, skipping

NOTICE:  table "observations_breaks" does not exist, skipping

NOTICE:  table "habitat_endpoints" does not exist, skipping

NOTICE:  table "crossings_breaks" does not exist, skipping

NOTICE:  table "streams_breaks" does not exist, skipping

NOTICE:  relation "streams_id_segment_idx" already exists, skipping

NOTICE:  table "streams_acc_015" does not exist, skipping

NOTICE:  table "streams_acc_02" does not exist, skipping

NOTICE:  table "streams_acc_015_ovr_ch" does not exist, skipping

NOTICE:  table "streams_acc_015_ovr_cm" does not exist, skipping

NOTICE:  table "streams_acc_015_ovr_co" does not exist, skipping

NOTICE:  table "streams_acc_015_ovr_pk" does not exist, skipping

NOTICE:  table "streams_acc_02_ovr_st" does not exist, skipping

NOTICE:  table "frs_clusters_ch" does not exist, skipping

NOTICE:  table "frs_clusters_co" does not exist, skipping

NOTICE:  table "frs_clusters_st" does not exist, skipping

NOTICE:  schema "fresh_smoke" already exists, skipping

NOTICE:  schema "fresh_smoke" already exists, skipping

NOTICE:  relation "log" already exists, skipping

NOTICE:  column "run_id" of relation "log" already exists, skipping

NOTICE:  column "watershed_group_code" of relation "log" already exists, skipping

NOTICE:  column "date_start" of relation "log" already exists, skipping

NOTICE:  column "date_end" of relation "log" already exists, skipping

NOTICE:  column "run_label" of relation "log" already exists, skipping

NOTICE:  column "host" of relation "log" already exists, skipping

NOTICE:  column "config_name" of relation "log" already exists, skipping

NOTICE:  column "config_hash" of relation "log" already exists, skipping

NOTICE:  column "config_drift" of relation "log" already exists, skipping

NOTICE:  column "link_version" of relation "log" already exists, skipping

NOTICE:  column "link_sha" of relation "log" already exists, skipping

NOTICE:  column "link_dirty" of relation "log" already exists, skipping

NOTICE:  column "fresh_version" of relation "log" already exists, skipping

NOTICE:  column "fresh_sha" of relation "log" already exists, skipping

NOTICE:  column "fresh_dirty" of relation "log" already exists, skipping

NOTICE:  column "crate_version" of relation "log" already exists, skipping

NOTICE:  column "fwapg_sha" of relation "log" already exists, skipping

NOTICE:  column "arg_dams" of relation "log" already exists, skipping

NOTICE:  column "arg_mapping_code" of relation "log" already exists, skipping

NOTICE:  column "arg_cleanup_working" of relation "log" already exists, skipping

NOTICE:  column "schema_persist" of relation "log" already exists, skipping

NOTICE:  column "species" of relation "log" already exists, skipping

NOTICE:  column "wsg_upstream" of relation "log" already exists, skipping

NOTICE:  column "bcfp_model_run_id" of relation "log" already exists, skipping

NOTICE:  column "bcfp_model_version" of relation "log" already exists, skipping

NOTICE:  column "notes" of relation "log" already exists, skipping

NOTICE:  relation "log_input" already exists, skipping

NOTICE:  column "run_id" of relation "log_input" already exists, skipping

NOTICE:  column "watershed_group_code" of relation "log_input" already exists, skipping

NOTICE:  column "table_name" of relation "log_input" already exists, skipping

NOTICE:  column "row_count" of relation "log_input" already exists, skipping

NOTICE:  column "row_count_estimated" of relation "log_input" already exists, skipping

NOTICE:  column "size_bytes" of relation "log_input" already exists, skipping

NOTICE:  column "last_analyze" of relation "log_input" already exists, skipping

NOTICE:  column "source" of relation "log_input" already exists, skipping

NOTICE:  column "source_at" of relation "log_input" already exists, skipping

NOTICE:  relation "log_parameters_fresh" already exists, skipping

NOTICE:  column "config_hash" of relation "log_parameters_fresh" already exists, skipping

NOTICE:  column "species_code" of relation "log_parameters_fresh" already exists, skipping

NOTICE:  column "access_gradient_max" of relation "log_parameters_fresh" already exists, skipping

NOTICE:  column "spawn_gradient_min" of relation "log_parameters_fresh" already exists, skipping

NOTICE:  column "rear_gradient_min" of relation "log_parameters_fresh" already exists, skipping

NOTICE:  column "cluster_rearing" of relation "log_parameters_fresh" already exists, skipping

NOTICE:  column "cluster_direction" of relation "log_parameters_fresh" already exists, skipping

NOTICE:  column "cluster_bridge_gradient" of relation "log_parameters_fresh" already exists, skipping

NOTICE:  column "cluster_bridge_distance" of relation "log_parameters_fresh" already exists, skipping

NOTICE:  column "cluster_confluence_m" of relation "log_parameters_fresh" already exists, skipping

NOTICE:  column "cluster_spawning" of relation "log_parameters_fresh" already exists, skipping

NOTICE:  column "cluster_spawn_direction" of relation "log_parameters_fresh" already exists, skipping

NOTICE:  column "cluster_spawn_bridge_gradient" of relation "log_parameters_fresh" already exists, skipping

NOTICE:  column "cluster_spawn_bridge_distance" of relation "log_parameters_fresh" already exists, skipping

NOTICE:  column "cluster_spawn_confluence_m" of relation "log_parameters_fresh" already exists, skipping

NOTICE:  column "observation_threshold" of relation "log_parameters_fresh" already exists, skipping

NOTICE:  column "observation_date_min" of relation "log_parameters_fresh" already exists, skipping

NOTICE:  column "observation_buffer_m" of relation "log_parameters_fresh" already exists, skipping

NOTICE:  column "observation_species" of relation "log_parameters_fresh" already exists, skipping

NOTICE:  column "observation_control_apply" of relation "log_parameters_fresh" already exists, skipping

NOTICE:  relation "log_dimensions" already exists, skipping

NOTICE:  column "config_hash" of relation "log_dimensions" already exists, skipping

NOTICE:  column "species" of relation "log_dimensions" already exists, skipping

NOTICE:  column "spawn_lake" of relation "log_dimensions" already exists, skipping

NOTICE:  column "spawn_stream" of relation "log_dimensions" already exists, skipping

NOTICE:  column "spawn_stream_in_waterbody" of relation "log_dimensions" already exists, skipping

NOTICE:  column "rear_lake" of relation "log_dimensions" already exists, skipping

NOTICE:  column "rear_lake_only" of relation "log_dimensions" already exists, skipping

NOTICE:  column "rear_lake_area_only" of relation "log_dimensions" already exists, skipping

NOTICE:  column "rear_no_fw" of relation "log_dimensions" already exists, skipping

NOTICE:  column "rear_stream" of relation "log_dimensions" already exists, skipping

NOTICE:  column "rear_stream_in_waterbody" of relation "log_dimensions" already exists, skipping

NOTICE:  column "rear_wetland" of relation "log_dimensions" already exists, skipping

NOTICE:  column "rear_wetland_polygon" of relation "log_dimensions" already exists, skipping

NOTICE:  column "rear_wetland_area_only" of relation "log_dimensions" already exists, skipping

NOTICE:  column "rear_all_edges" of relation "log_dimensions" already exists, skipping

NOTICE:  column "river_skip_cw_min" of relation "log_dimensions" already exists, skipping

NOTICE:  column "rear_stream_order_bypass" of relation "log_dimensions" already exists, skipping

NOTICE:  column "rear_stream_order_parent_min" of relation "log_dimensions" already exists, skipping

NOTICE:  column "rear_stream_order_child_min" of relation "log_dimensions" already exists, skipping

NOTICE:  column "rear_stream_order_child_max" of relation "log_dimensions" already exists, skipping

NOTICE:  column "rear_stream_order_distance_max" of relation "log_dimensions" already exists, skipping

NOTICE:  column "spawn_requires_connected" of relation "log_dimensions" already exists, skipping

NOTICE:  column "spawn_connected_distance_max" of relation "log_dimensions" already exists, skipping

NOTICE:  column "spawn_connected_direction" of relation "log_dimensions" already exists, skipping

NOTICE:  column "spawn_connected_gradient_max" of relation "log_dimensions" already exists, skipping

NOTICE:  column "spawn_connected_cw_min" of relation "log_dimensions" already exists, skipping

NOTICE:  column "spawn_connected_edge_types" of relation "log_dimensions" already exists, skipping

NOTICE:  column "spawn_connected_lake_adjacent" of relation "log_dimensions" already exists, skipping

NOTICE:  column "rear_requires_connected" of relation "log_dimensions" already exists, skipping

NOTICE:  column "rear_connected_distance_max" of relation "log_dimensions" already exists, skipping

NOTICE:  column "rear_lake_ha_min" of relation "log_dimensions" already exists, skipping

NOTICE:  column "rear_wetland_ha_min" of relation "log_dimensions" already exists, skipping

NOTICE:  column "notes" of relation "log_dimensions" already exists, skipping

NOTICE:  relation "log_wsg_date_idx" already exists, skipping

NOTICE:  relation "log_config_idx" already exists, skipping

NOTICE:  relation "log_input_rn_idx" already exists, skipping

NOTICE:  table "barriers" does not exist, skipping

NOTICE:  view "barriers_ch_unified" does not exist, skipping

NOTICE:  view "barriers_ch_access" does not exist, skipping

NOTICE:  view "barriers_cm_unified" does not exist, skipping

NOTICE:  view "barriers_cm_access" does not exist, skipping

NOTICE:  view "barriers_co_unified" does not exist, skipping

NOTICE:  view "barriers_co_access" does not exist, skipping

NOTICE:  view "barriers_pk_unified" does not exist, skipping

NOTICE:  view "barriers_pk_access" does not exist, skipping

NOTICE:  view "barriers_st_unified" does not exist, skipping

NOTICE:  view "barriers_st_access" does not exist, skipping

NOTICE:  view "barriers_anthropogenic_unified" does not exist, skipping

NOTICE:  view "barriers_pscis_unified" does not exist, skipping

NOTICE:  view "barriers_dams_unified" does not exist, skipping

[wsg_run_one] TSIT done in 3.4 min (persist=fresh_smoke)
Warning messages:
1: In st_read.DBIObject(conn, query = query) :
  Could not find a simple features geometry column. Will return a `data.frame`.
2: In st_read.DBIObject(conn, query = query) :
  Could not find a simple features geometry column. Will return a `data.frame`.
3: In st_read.DBIObject(conn, query = query) :
  Could not find a simple features geometry column. Will return a `data.frame`.
4: In st_read.DBIObject(conn, query = query) :
  Could not find a simple features geometry column. Will return a `data.frame`.
5: In st_read.DBIObject(conn, query = query) :
  Could not find a simple features geometry column. Will return a `data.frame`.
6: In st_read.DBIObject(conn, query = query) :
  Could not find a simple features geometry column. Will return a `data.frame`.
7: In st_read.DBIObject(conn, query = query) :
  Could not find a simple features geometry column. Will return a `data.frame`.
8: In st_read.DBIObject(conn, query = query) :
  Could not find a simple features geometry column. Will return a `data.frame`.
9: In st_read.DBIObject(conn, query = query) :
  Could not find a simple features geometry column. Will return a `data.frame`.
10: In st_read.DBIObject(conn, query = query) :
  Could not find a simple features geometry column. Will return a `data.frame`.
